0.0	2.0	N
2.0	3.0	B:maj
3.0	4.0	C#:maj
4.0	5.0	Bb:min
5.0	6.0	Eb:min/b3
6.0	7.0	B:maj7
7.0	8.0	Bb:min/b3
8.0	10.0	F#:maj
10.0	10.5	B:maj
10.5	12.0	C#:maj
12.0	13.0	Bb:min
13.0	14.0	Eb:min
14.0	14.5	B:maj
14.5	16.0	C#:maj
16.0	18.0	F#:maj
18.0	19.0	B:maj
19.0	20.0	C#:sus2
20.0	21.0	Bb:min
21.0	22.0	Eb:min
22.0	23.0	B:maj
23.0	24.0	C#:maj
24.0	26.0	F#:maj
26.0	27.0	B:maj
27.0	28.0	C#:sus2
28.0	29.0	Bb:min
29.0	30.0	Eb:min
30.0	31.0	B:maj
31.0	32.0	C#:maj
32.0	34.0	F#:maj
34.0	34.5	B:maj
34.5	36.0	C#:maj
36.0	37.0	Bb:min
37.0	38.0	Eb:min
38.0	38.5	B:maj
38.5	40.0	C#:maj
40.0	42.0	F#:maj
42.0	42.5	B:maj
42.5	44.0	C#:maj
44.0	45.0	Bb:min
45.0	46.0	Eb:min
46.0	46.5	B:maj
46.5	48.0	C#:maj
48.0	50.0	F#:maj
50.0	51.0	B:maj6
51.0	52.0	C#:maj
52.0	53.0	Bb:min
53.0	54.0	Eb:min
54.0	55.0	B:maj
55.0	56.0	C#:maj
56.0	58.0	F#:maj
58.0	59.0	B:maj
59.0	60.0	C#:sus2
60.0	61.0	Bb:min
61.0	62.0	Eb:min
62.0	63.0	B:maj
63.0	64.0	C#:maj
64.0	66.0	F#:maj
66.0	67.0	B:maj
67.0	68.0	C#:sus2
68.0	69.0	Bb:min
69.0	70.0	Eb:min
70.0	71.0	B:maj
71.0	72.0	C#:maj
72.0	74.0	F#:maj
74.0	74.5	B:maj
74.5	76.0	C#:maj
76.0	77.0	Bb:min
77.0	78.0	Eb:min
78.0	78.5	B:maj
78.5	80.0	C#:maj
80.0	82.0	F#:maj
82.0	82.5	B:maj
82.5	84.0	C#:maj
84.0	85.0	Bb:min
85.0	86.0	Eb:min
86.0	86.5	B:maj
86.5	88.0	C#:maj
88.0	90.0	F#:maj
90.0	91.0	B:maj
91.0	92.0	C#:maj
92.0	93.0	Bb:min
93.0	94.0	Eb:min
94.0	95.0	B:maj
95.0	96.0	C#:maj
96.0	98.0	F#:maj
98.0	99.0	B:maj
99.0	100.0	C#:maj
100.0	101.0	Bb:min
101.0	102.0	Eb:min
102.0	103.0	B:maj
103.0	104.0	C#:maj
104.0	106.0	F#:maj
106.0	107.0	B:maj
107.0	108.0	C#:maj
108.0	109.0	Bb:min
109.0	110.0	Eb:min
110.0	111.0	B:maj
111.0	112.0	C#:maj
112.0	114.0	F#:maj
114.0	114.5	B:maj
114.5	116.0	C#:maj
116.0	117.0	Bb:min
117.0	118.0	Eb:min
118.0	118.5	B:maj
118.5	120.0	C#:maj
120.0	122.0	F#:maj
122.0	122.5	B:maj
122.5	124.0	C#:maj
124.0	125.0	Bb:min
125.0	126.0	Eb:min
126.0	126.5	B:maj
126.5	128.0	C#:maj
128.0	130.0	F#:maj
130.0	130.5	B:maj
130.5	132.0	C#:maj
132.0	133.0	Bb:min
133.0	134.0	Eb:min
134.0	134.5	B:maj
134.5	136.0	C#:maj
136.0	138.0	F#:maj
138.0	138.5	B:maj
138.5	140.0	C#:maj
140.0	142.0	Eb:min7
142.0	142.5	B:maj7
142.5	144.0	C#:maj6
144.0	145.5	F#:maj
